Microchip MPLAB XC8 Compiler V3.00

Linker command line:

-W-3 \
  --edf=C:\Program Files\Microchip\xc8\v3.00\pic\dat\20241204225717_en.msgs \
  -cn -h+dist/default/production\Practice.X.production.sym \
  --cmf=dist/default/production\Practice.X.production.cmf -z -Q16F877A \
  -oC:\Users\crazy\AppData\Local\Temp\xcAsclo.\driver_tmp_3.o \
  --defsym=__MPLAB_BUILD=1 --fixupoverflow=error \
  -Mdist/default/production/Practice.X.production.map \
  --md=C:\Users\crazy\AppData\Local\Temp\xcAsclo.\driver_tmp_0.dat -E1 \
  -ver=XC8 Compiler -ACODE=00h-07FFhx4 -ASTRCODE=00h-01FFFh \
  -ASTRING=00h-0FFhx32 -ACONST=00h-0FFhx32 -AENTRY=00h-0FFhx32 \
  -ACOMMON=070h-07Fh -ABANK0=020h-06Fh -ABANK1=0A0h-0EFh \
  -ABANK2=0110h-016Fh -ABANK3=0190h-01EFh \
  -ARAM=020h-06Fh,0A0h-0EFh,0110h-016Fh,0190h-01EFh \
  -AABS1=020h-07Fh,0A0h-0EFh,0110h-016Fh,0190h-01EFh -ASFR0=00h-01Fh \
  -ASFR1=080h-09Fh -ASFR2=0100h-010Fh -ASFR3=0180h-018Fh \
  -ACONFIG=02007h-02007h -DCONFIG=2 -AIDLOC=02000h-02003h -DIDLOC=2 \
  -AEEDATA=00h-0FFh/02100h -peeprom_data=EEDATA -DEEDATA=2 -DCODE=2 \
  -DSTRCODE=2 -DSTRING=2 -DCONST=2 -DENTRY=2 \
  -preset_vec=00h,intentry,sivt,init,end_init -ppowerup=CODE -pcinit=CODE \
  -pfunctab=ENTRY -k \
  C:\Users\crazy\AppData\Local\Temp\xcAsclo.\driver_tmp_12.o \
  dist/default/production\Practice.X.production.o 

Object code version is 3.11

Machine type is 16F877A



                Name                               Link     Load   Length Selector   Space Scale
C:\Users\crazy\AppData\Local\Temp\xcAsclo.\driver_tmp_12.o
                end_init                              0        0        3        0       0
                config                             2007     2007        1        0       4
dist/default/production\Practice.X.production.o
                cinit                               7FC      7FC        4      FF8       0
                config                             2007     2007        1        0       4
                text14                              62F      62F        D      C5E       0
                text13                              612      612        9      C24       0
                text12                              61B      61B        9      C36       0
                text11                              624      624        B      C48       0
                text10                              6E3      6E3       27      DC6       0
                text9                               65A      65A       15      CB4       0
                text8                               687      687       1D      D0E       0
                text7                               649      649       11      C92       0
                text6                               6A4      6A4       1E      D48       0
                text5                               6C2      6C2       21      D84       0
                text4                               70A      70A       4D      E14       0
                text3                               63C      63C        D      C78       0
                text2                               7A6      7A6       56      F4C       0
                text1                               66F      66F       18      CDE       0
                maintext                            757      757       4F      EAE       0
                cstackBANK0                          20       20        7       20       1
                cstackCOMMON                         70       70        C       70       1
                strings                               3        3       3A        6       0

TOTAL           Name                               Link     Load   Length     Space
        CLASS   CODE           
                end_init                              0        0        3         0
                cinit                               7FC      7FC        4         0
                text14                              62F      62F        D         0
                text13                              612      612        9         0
                text12                              61B      61B        9         0
                text11                              624      624        B         0
                text10                              6E3      6E3       27         0
                text9                               65A      65A       15         0
                text8                               687      687       1D         0
                text7                               649      649       11         0
                text6                               6A4      6A4       1E         0
                text5                               6C2      6C2       21         0
                text4                               70A      70A       4D         0
                text3                               63C      63C        D         0
                text2                               7A6      7A6       56         0
                text1                               66F      66F       18         0
                maintext                            757      757       4F         0

        CLASS   STRCODE        

        CLASS   STRING         
                strings                               3        3       3A         0

        CLASS   CONST          

        CLASS   ENTRY          

        CLASS   COMMON         
                cstackCOMMON                         70       70        C         1

        CLASS   BANK0          
                cstackBANK0                          20       20        7         1

        CLASS   BANK1          

        CLASS   BANK2          

        CLASS   BANK3          

        CLASS   RAM            

        CLASS   ABS1           
                abs_s1                               7E       7E        2         1

        CLASS   SFR0           

        CLASS   SFR1           

        CLASS   SFR2           

        CLASS   SFR3           

        CLASS   CONFIG         
                config                             2007     2007        1         4

        CLASS   IDLOC          

        CLASS   EEDATA         

        CLASS   HEAP           

        CLASS   STACK          



SEGMENTS        Name                           Load    Length   Top    Selector   Space  Class     Delta

                reset_vec                      000000  000003  000003         0       0  CODE        2
                strings                        000003  00003A  00003D         6       0  STRING      2
                cstackBANK0                    000020  000007  000027        20       1  BANK0       1
                cstackCOMMON                   000070  00000C  00007C        70       1  COMMON      1
                text13                         000612  000009  00061B       C24       0  CODE        2
                text12                         00061B  000009  000624       C36       0  CODE        2
                text11                         000624  00000B  00062F       C48       0  CODE        2
                text14                         00062F  00000D  00063C       C5E       0  CODE        2
                text3                          00063C  00000D  000649       C78       0  CODE        2
                text7                          000649  000011  00065A       C92       0  CODE        2
                text9                          00065A  000015  00066F       CB4       0  CODE        2
                text1                          00066F  000018  000687       CDE       0  CODE        2
                text8                          000687  00001D  0006A4       D0E       0  CODE        2
                text6                          0006A4  00001E  0006C2       D48       0  CODE        2
                text5                          0006C2  000021  0006E3       D84       0  CODE        2
                text10                         0006E3  000027  00070A       DC6       0  CODE        2
                text4                          00070A  00004D  000757       E14       0  CODE        2
                maintext                       000757  00004F  0007A6       EAE       0  CODE        2
                text2                          0007A6  000056  0007FC       F4C       0  CODE        2
                cinit                          0007FC  000004  000800       FF8       0  CODE        2


UNUSED ADDRESS RANGES

        Name                Unused          Largest block    Delta
        BANK0            0027-006F             49           1
        BANK1            00A0-00EF             50           1
        BANK2            0110-016F             60           1
        BANK3            0190-01EF             60           1
        CODE             003D-0611            5D5           2
                         0800-1FFF            800
        COMMON           007C-007D              2           1
        CONST            003D-0611            100           2
                         0800-1FFF            100
        EEDATA           2100-21FF            100           2
        ENTRY            003D-0611            100           2
                         0800-1FFF            100
        IDLOC            2000-2003              4           2
        RAM              0027-006F             49           1
                         00A0-00EF             50
                         0110-016F             60
                         0190-01EF             60
        SFR0             0000-001F             20           1
        SFR1             0080-009F             20           1
        SFR2             0100-010F             10           1
        SFR3             0180-018F             10           1
        STRCODE          003D-0611            5D5           2
                         0800-1FFF           1800
        STRING           003D-0611            100           2
                         0800-1FFF            100

                                  Symbol Table

I2C_Write@data           cstackCOMMON 0070
LCD_Print@str            cstackCOMMON 007A
LCD_PulseEnable@data     cstackCOMMON 0072
LCD_SendByte@mode        cstackCOMMON 0077
LCD_SendByte@value       cstackCOMMON 0079
LCD_SendNibble@data      cstackCOMMON 0076
LCD_SendNibble@mode      cstackCOMMON 0073
LCD_SendNibble@nibble    cstackCOMMON 0075
LCD_SetCursor@addr       cstackBANK0  0023
LCD_SetCursor@col        cstackCOMMON 007A
LCD_SetCursor@row        cstackBANK0  0020
_AUTO_MODE               text4        070A
_I2C_Init                text3        063C
_I2C_Start               text13       0612
_I2C_Stop                text12       061B
_I2C_Wait                text14       062F
_I2C_Write               text11       0624
_LCD_Clear               text7        0649
_LCD_Init                text2        07A6
_LCD_Print               text6        06A4
_LCD_PulseEnable         text10       06E3
_LCD_SendByte            text8        0687
_LCD_SendNibble          text9        065A
_LCD_SetCursor           text5        06C2
_LCD_SetCursor$133       cstackBANK0  0021
_ON_MODE                 text1        066F
_PEN                     (abs)        048A
_PORTCbits               (abs)        0007
_PORTDbits               (abs)        0008
_SEN                     (abs)        0488
_SSPADD                  (abs)        0093
_SSPBUF                  (abs)        0013
_SSPCON                  (abs)        0014
_SSPCON2                 (abs)        0091
_SSPSTAT                 (abs)        0094
_TRISC3                  (abs)        043B
_TRISC4                  (abs)        043C
_TRISCbits               (abs)        0087
_TRISD                   (abs)        0088
__H__absolute__          __absolute__ 0000
__Habs1                  abs1         0000
__Hbank0                 bank0        0000
__Hbank1                 bank1        0000
__Hbank2                 bank2        0000
__Hbank3                 bank3        0000
__Hcinit                 cinit        0800
__Hclrtext               clrtext      0000
__Hcode                  code         0000
__Hcommon                common       0000
__Hconfig                config       2008
__HcstackBANK0           cstackBANK0  0000
__HcstackCOMMON          cstackCOMMON 0000
__Heeprom_data           eeprom_data  0000
__Hend_init              end_init     0003
__Hfunctab               functab      0000
__Hheap                  heap         0000
__Hinit                  init         0000
__Hintentry              intentry     0000
__Hmaintext              maintext     0000
__Hpowerup               powerup      0000
__Hram                   ram          0000
__Hreset_vec             reset_vec    0000
__Hsfr0                  sfr0         0000
__Hsfr1                  sfr1         0000
__Hsfr2                  sfr2         0000
__Hsfr3                  sfr3         0000
__Hsivt                  sivt         0000
__Hspace_0               (abs)        0800
__Hspace_1               (abs)        007C
__Hspace_2               (abs)        0000
__Hspace_3               (abs)        0000
__Hspace_4               (abs)        400F
__Hstack                 stack        0000
__Hstrings               strings      0000
__Htext                  text         0000
__L__absolute__          __absolute__ 0000
__Labs1                  abs1         0000
__Lbank0                 bank0        0000
__Lbank1                 bank1        0000
__Lbank2                 bank2        0000
__Lbank3                 bank3        0000
__Lcinit                 cinit        07FC
__Lclrtext               clrtext      0000
__Lcode                  code         0000
__Lcommon                common       0000
__Lconfig                config       0000
__LcstackBANK0           cstackBANK0  0000
__LcstackCOMMON          cstackCOMMON 0000
__Leeprom_data           eeprom_data  0000
__Lend_init              end_init     0000
__Lfunctab               functab      0000
__Lheap                  heap         0000
__Linit                  init         0000
__Lintentry              intentry     0000
__Lmaintext              maintext     0000
__Lpowerup               powerup      0000
__Lram                   ram          0000
__Lreset_vec             reset_vec    0000
__Lsfr0                  sfr0         0000
__Lsfr1                  sfr1         0000
__Lsfr2                  sfr2         0000
__Lsfr3                  sfr3         0000
__Lsivt                  sivt         0000
__Lspace_0               (abs)        0000
__Lspace_1               (abs)        0000
__Lspace_2               (abs)        0000
__Lspace_3               (abs)        0000
__Lspace_4               (abs)        0000
__Lstack                 stack        0000
__Lstrings               strings      0000
__Ltext                  text         0000
__S0                     (abs)        0800
__S1                     (abs)        007C
__S3                     (abs)        0000
___heap_hi               (abs)        0000
___heap_lo               (abs)        0000
___int_sp                stack        0000
___int_stack_hi          stack        0000
___int_stack_lo          stack        0000
___latbits               (abs)        0002
___sp                    stack        0000
___stack_hi              stack        0000
___stack_lo              stack        0000
___stackhi               (abs)        0000
___stacklo               (abs)        0000
__end_of_AUTO_MODE       text4        0757
__end_of_I2C_Init        text3        0649
__end_of_I2C_Start       text13       061B
__end_of_I2C_Stop        text12       0624
__end_of_I2C_Wait        text14       063C
__end_of_I2C_Write       text11       062F
__end_of_LCD_Clear       text7        065A
__end_of_LCD_Init        text2        07FC
__end_of_LCD_Print       text6        06C2
__end_of_LCD_PulseEnable text10       070A
__end_of_LCD_SendByte    text8        06A4
__end_of_LCD_SendNibble  text9        066F
__end_of_LCD_SetCursor   text5        06E3
__end_of_ON_MODE         text1        0687
__end_of__initialization cinit        07FC
__end_of__stringtab      strings      0009
__end_of_main            maintext     07A6
__initialization         cinit        07FC
__pcstackBANK0           cstackBANK0  0020
__pcstackCOMMON          cstackCOMMON 0070
__pmaintext              maintext     0757
__pstrings               strings      0003
__ptext1                 text1        066F
__ptext10                text10       06E3
__ptext11                text11       0624
__ptext12                text12       061B
__ptext13                text13       0612
__ptext14                text14       062F
__ptext2                 text2        07A6
__ptext3                 text3        063C
__ptext4                 text4        070A
__ptext5                 text5        06C2
__ptext6                 text6        06A4
__ptext7                 text7        0649
__ptext8                 text8        0687
__ptext9                 text9        065A
__stringbase             strings      0008
__stringtab              strings      0003
_main                    maintext     0757
btemp                    (abs)        007E
end_of_initialization    cinit        07FC
intlevel0                functab      0000
intlevel1                functab      0000
intlevel2                functab      0000
intlevel3                functab      0000
intlevel4                functab      0000
intlevel5                functab      0000
reset_vec                reset_vec    0000
start                    init         0000
start_initialization     cinit        07FC
wtemp0                   (abs)        007E


MODULE INFORMATION

Module		Function		Class		Link	Load	Size
shared
		__stringtab    		STRING         	0003	0000	6
		__initialization		CODE           	07FC	0000	1

shared estimated size: 7

main.c
		_LCD_Init      		CODE           	07A6	0000	86
		_AUTO_MODE     		CODE           	070A	0000	77
		_LCD_SendByte  		CODE           	0687	0000	29
		_LCD_PulseEnable		CODE           	06E3	0000	39
		_main          		CODE           	0757	0000	79
		_LCD_SendNibble		CODE           	065A	0000	21
		_LCD_SetCursor 		CODE           	06C2	0000	33
		_I2C_Write     		CODE           	0624	0000	11
		_I2C_Stop      		CODE           	061B	0000	9
		_I2C_Wait      		CODE           	062F	0000	13
		_LCD_Clear     		CODE           	0649	0000	17
		_I2C_Init      		CODE           	063C	0000	13
		_LCD_Print     		CODE           	06A4	0000	30
		_ON_MODE       		CODE           	066F	0000	24
		_I2C_Start     		CODE           	0612	0000	9

main.c estimated size: 490

